cargo : warning: unused imports: `Deserialize` and `Serialize`
No linha:1 caractere:1
+ cargo check 2> errors.txt; Get-Content errors.txt -TotalCount 100
+ ~~~~~~~~~~~~~~~~~~~~~~~~~
    + CategoryInfo          : NotSpecified: (warning: unused...and `Serialize`:String) [], RemoteException
    + FullyQualifiedErrorId : NativeCommandError
 
 --> src\constants.rs:2:13
  |
2 | use serde::{Serialize, Deserialize};
  |             ^^^^^^^^^  ^^^^^^^^^^^
  |
  = note: `#[warn(unused_imports)]` (part of `#[warn(unused)]`) on by default

warning: unreachable pattern
   --> src\types.rs:375:13
    |
375 |             _ => 0,
    |             ^ no value can reach this
    |
note: multiple earlier patterns match some of the same values
   --> src\types.rs:375:13
    |
362 |             Terrain::Empty => 4, // Grass/Empty
    |             -------------- matches some of the same values
363 |             Terrain::Water => 1,
    |             -------------- matches some of the same values
364 |             Terrain::Tree => 2,
    |             ------------- matches some of the same values
365 |             Terrain::Sand => 3,
    |             ------------- matches some of the same values
...
375 |             _ => 0,
    |             ^ ...and 9 other patterns collectively make this unreachable
    = note: `#[warn(unreachable_patterns)]` (part of `#[warn(unused)]`) on by default

warning: variable does not need to be mutable
   --> src\simulation.rs:107:13
    |
107 |         let mut available = gen;
    |             ----^^^^^^^^^
    |             |
    |             help: remove this `mut`
    |
    = note: `#[warn(unused_mut)]` (part of `#[warn(unused)]`) on by default

warning: unused variable: `src_h`
   --> src\simulation.rs:728:10
    |
728 |     for (src_h, src_idx, (nsx, nsy), item) in transfers {
    |          ^^^^^ help: if this is intentional, prefix it with an underscore: `_src_h`
    |
    = note: `#[warn(unused_variables)]` (part of `#[warn(unused)]`) on by default

warning: unused variable: `src_idx`
   --> src\simulation.rs:728:17
    |
728 |     for (src_h, src_idx, (nsx, nsy), item) in transfers {
    |                 ^^^^^^^ help: if this is intentional, prefix it with an underscore: `_src_idx`

warning: unused variable: `cam_wx`
   --> src\render.rs:346:9
    |
346 |     let cam_wx = cam.gx as f32 * CELL_SIZE + cam.ox;
    |         ^^^^^^ help: if this is intentional, prefix it with an underscore: `_cam_wx`

warning: unused variable: `cam_wy`
   --> src\render.rs:347:9
    |
347 |     let cam_wy = cam.gy as f32 * CELL_SIZE + cam.oy;
    |         ^^^^^^ help: if this is intentional, prefix it with an underscore: `_cam_wy`

warning: unused variable: `g`
   --> src\main.rs:492:49
    |
492 | ...                   if let Some(g) = grid { 
    |                                   ^ help: if this is intentional, prefix it with an underscore: `_g`

warning: unused variable: `g`
   --> src\main.rs:506:49
    |
506 | ...                   if let Some(g) = grid { 
    |                                   ^ help: if this is intentional, prefix it with an underscore: `_g`

warning: constant `BATTERY_MAX_IO` is never used
 --> src\constants.rs:8:11
  |
8 | pub const BATTERY_MAX_IO: f32 = 200.0;
  |           ^^^^^^^^^^^^^^
  |
  = note: `#[warn(dead_code)]` (part of `#[warn(unused)]`) on by default

warning: fields `inventory` and `reach` are never read
   --> src\types.rs:172:9
    |
169 | pub struct Player {
    |            ------ fields in this struct
...
172 |     pub inventory: HashMap<ItemType, i32>,
    |         ^^^^^^^^^
173 |     pub reach: f32,
    |         ^^^^^
    |
    = note: `Player` has derived impls for the traits `Debug` and `Clone`, but these are intentionally ignored during 
dead code analysis

warning: method `priority` is never used
   --> src\types.rs:360:12
    |
341 | impl Terrain {
    | ------------ method in this implementation
...
360 |     pub fn priority(&self) -> i32 {
    |            ^^^^^^^^

warning: fields `is_panning`, `start_pan_x`, `start_pan_y`, `init_trans_x`, and `init_trans_y` are never read
   --> src\types.rs:449:9
    |
448 | pub struct MouseState {
    |            ---------- fields in this struct
449 |     pub is_panning: bool,
    |         ^^^^^^^^^^
...
452 |     pub start_pan_x: f32,
    |         ^^^^^^^^^^^
453 |     pub start_pan_y: f32,
    |         ^^^^^^^^^^^
454 |     pub init_trans_x: f32,
    |         ^^^^^^^^^^^^
455 |     pub init_trans_y: f32,
    |         ^^^^^^^^^^^^

warning: fields `power_gen`, `power_cons`, and `fuel` are never read
   --> src\types.rs:474:9
    |
472 | pub struct MachineShadow {
    |            ------------- fields in this struct
473 |     pub tool: Tool,
474 |     pub power_gen: f32,
    |         ^^^^^^^^^
475 |     pub power_cons: f32,
    |         ^^^^^^^^^^
476 |     pub fuel: f32,
    |         ^^^^

warning: field `other_cursors` is never read
   --> src\types.rs:520:9
    |
483 | pub struct GameState {
    |            --------- field in this struct
...
520 |     pub other_cursors: Vec<(f32, f32)>,
    |         ^^^^^^^^^^^^^

warning: field `transitions` is never read
   --> src\types.rs:552:9
    |
538 | pub struct Resources {
    |            --------- field in this struct
...
552 |     pub transitions: HashMap<(Terrain, Terrain, u8), Texture2D>,
    |         ^^^^^^^^^^^
    |
    = note: `Resources` has derived impls for the traits `Debug` and `Clone`, but these are intentionally ignored 
during dead code analysis

warning: method `generate_blend_overlay` is never used
   --> src\types\crystal_forge.rs:239:12
    |
 12 | impl Generator {
    | -------------- method in this implementation
...
239 |     pub fn generate_blend_overlay(&self, t1: Terrain, t2: Terrain, side: u8) -> Texture2D {
    |            ^^^^^^^^^^^^^^^^^^^^^^

warning: fields `offline_earnings` and `region` are never read
  --> src\network.rs:31:9
   |
28 |     Connected { 
   |     --------- fields in this variant
...
31 |         offline_earnings: i64, 
   |         ^^^^^^^^^^^^^^^^
32 |         region: String,
   |         ^^^^^^
   |
   = note: `NetEvent` has a derived impl for the trait `Debug`, but this is intentionally ignored during dead code 
analysis

warning: fields `item` and `price` are never read
  --> src\network.rs:38:20
   |
38 |     MarketUpdate { item: String, price: i64 },
   |     ------------   ^^^^          ^^^^^
   |     |
   |     fields in this variant
   |
   = note: `NetEvent` has a derived impl for the trait `Debug`, but this is intentionally ignored during dead code 
analysis

warning: fields `sender`, `x`, and `y` are never read
  --> src\network.rs:44:9
   |
43 |     StateSync {
   |     --------- fields in this variant
44 |         sender: String,
   |         ^^^^^^
...
48 |         x: f32,
   |         ^
49 |         y: f32,
   |         ^
   |
   = note: `NetEvent` has a derived impl for the trait `Debug`, but this is intentionally ignored during dead code 
analysis

warning: field `0` is never read
  --> src\network.rs:51:18
   |
51 |     Disconnected(String),
   |     ------------ ^^^^^^
   |     |
   |     field in this variant
   |
   = note: `NetEvent` has a derived impl for the trait `Debug`, but this is intentionally ignored during dead code 
analysis
help: consider changing the field to be of unit type to suppress this warning while preserving the field numbering, or 
remove the field
   |
51 -     Disconnected(String),
51 +     Disconnected(()),
   |

warning: field `id` is never read
  --> src\network.rs:58:9
   |
57 | pub struct NpcInfo {
   |            ------- field in this struct
58 |     pub id: String,
   |         ^^
   |
   = note: `NpcInfo` has derived impls for the traits `Clone` and `Debug`, but these are intentionally ignored during 
dead code analysis

warning: fields `players` and `max` are never read
   --> src\network.rs:170:9
    |
165 | pub struct ServerInfo {
    |            ---------- fields in this struct
...
170 |     pub players: i32,
    |         ^^^^^^^
171 |     pub max: i32,
    |         ^^^
    |
    = note: `ServerInfo` has derived impls for the traits `Clone` and `Debug`, but these are intentionally ignored 
during dead code analysis

warning: `factorio2` (bin "factorio2") generated 23 warnings (run `cargo fix --bin "factorio2" -p factorio2` to apply 
8 suggestions)
    Finished `dev` profile [unoptimized + debuginfo] target(s) in 0.94s
